// Jest Snapshot v1, https://goo.gl/fbAQLP

exports[`Render card component correctly 1`] = `
<View
  accessible={true}
  focusable={true}
  onClick={[Function]}
  onResponderGrant={[Function]}
  onResponderMove={[Function]}
  onResponderRelease={[Function]}
  onResponderTerminate={[Function]}
  onResponderTerminationRequest={[Function]}
  onStartShouldSetResponder={[Function]}
  style={
    Object {
      "backgroundColor": "#ffffff",
      "borderRadius": 14.492753623188406,
      "height": 163.77232142857144,
      "opacity": 1,
      "shadowColor": "rgba(46, 48, 48, 1)",
      "shadowOffset": Object {
        "height": 1.4888392857142858,
        "width": 1.8115942028985508,
      },
      "shadowOpacity": 0.3,
      "shadowRadius": 2,
      "width": 688.4057971014493,
    }
  }
/>
`;
