// Jest Snapshot v1, https://goo.gl/fbAQLP

exports[`Render BaseContainNavBar component correctly 1`] = `
<View
  style={
    Object {
      "alignItems": "center",
      "flexDirection": "row",
      "justifyContent": "space-between",
      "marginTop": 5,
      "paddingHorizontal": 5,
      "zIndex": 200,
    }
  }
>
  <RNGestureHandlerButton
    collapsable={false}
    onGestureEvent={[Function]}
    onGestureHandlerEvent={[Function]}
    onGestureHandlerStateChange={[Function]}
    onHandlerStateChange={[Function]}
    rippleColor={0}
  >
    <View
      accessible={true}
      style={
        Object {
          "height": 20,
          "opacity": 1,
          "width": 20,
        }
      }
    >
      <Text
        allowFontScaling={false}
        style={
          Array [
            Object {
              "color": "#ffffff",
              "fontSize": 20,
            },
            undefined,
            Object {
              "fontFamily": "FontAwesome",
              "fontStyle": "normal",
              "fontWeight": "normal",
            },
            Object {},
          ]
        }
      >
        
      </Text>
    </View>
  </RNGestureHandlerButton>
  <Text
    forwardedRef={[Function]}
    style={
      Object {
        "color": "#ffffff",
        "fontFamily": "Montserrat-Bold",
        "fontSize": 25,
      }
    }
  >
    test
  </Text>
  <View
    style={
      Object {
        "width": 20,
      }
    }
  />
</View>
`;
