// Jest Snapshot v1, https://goo.gl/fbAQLP

exports[`Render pickerField component correctly 1`] = `
<View
  forwardedRef={[Function]}
  style={
    Object {
      "backgroundColor": "#ffffff",
      "borderColor": "#626565",
      "borderRadius": 60,
      "borderWidth": 2,
      "height": 50,
    }
  }
>
  <View
    accessible={true}
    focusable={true}
    onClick={[Function]}
    onResponderGrant={[Function]}
    onResponderMove={[Function]}
    onResponderRelease={[Function]}
    onResponderTerminate={[Function]}
    onResponderTerminationRequest={[Function]}
    onStartShouldSetResponder={[Function]}
    style={
      Object {
        "marginLeft": 10,
        "marginTop": 10,
        "opacity": 1,
      }
    }
  >
    <Text
      style={
        Object {
          "color": "#0baee6",
          "fontFamily": "Montserrat-Regular",
        }
      }
    >
      [missing "en.test_field" translation]
    </Text>
  </View>
  <View
    style={
      Object {
        "marginBottom": 10,
        "marginTop": 10,
      }
    }
  />
</View>
`;
