// Jest Snapshot v1, https://goo.gl/fbAQLP

exports[`Render textField component correctly 1`] = `
<TextInput
  allowFontScaling={true}
  editable={true}
  onBlur={[Function]}
  onChangeText={null}
  onFocus={[Function]}
  placeholder="[missing \\"en.test_field\\" translation]"
  placeholderTextColor="#0baee6"
  rejectResponderTermination={true}
  style={
    Object {
      "backgroundColor": "#ffffff",
      "borderColor": "#626565",
      "borderRadius": 60,
      "borderWidth": 2,
      "color": "#0baee6",
      "fontFamily": "Montserrat-Regular",
      "height": 45,
      "padding": 10,
      "width": 300,
    }
  }
  underlineColorAndroid="transparent"
/>
`;
