// Jest Snapshot v1, https://goo.gl/fbAQLP

exports[`Render checkBox component correctly 1`] = `
<View
  style={
    Object {
      "alignItems": "center",
      "flexDirection": "row",
      "justifyContent": "center",
      "padding": 10,
    }
  }
>
  <RNGestureHandlerButton
    collapsable={false}
    onGestureEvent={[Function]}
    onGestureHandlerEvent={[Function]}
    onGestureHandlerStateChange={[Function]}
    onHandlerStateChange={[Function]}
    rippleColor={0}
  >
    <View
      accessible={true}
      style={
        Object {
          "alignItems": "center",
          "borderWidth": 1,
          "height": 18,
          "justifyContent": "center",
          "marginRight": 10,
          "opacity": 1,
          "width": 18,
        }
      }
    >
      <View
        style={
          Object {
            "backgroundColor": "#ffffff",
            "height": 12,
            "width": 12,
          }
        }
      />
    </View>
  </RNGestureHandlerButton>
  <Text
    style={
      Object {
        "fontFamily": "Montserrat-Regular",
      }
    }
  >
    [missing "en.test_field" translation]
  </Text>
</View>
`;
