// Jest Snapshot v1, https://goo.gl/fbAQLP

exports[`Render comment component correctly 1`] = `
<View
  style={
    Object {
      "flexDirection": "row",
      "marginLeft": 20,
      "marginTop": 20,
      "maxHeight": 120,
      "width": "80%",
    }
  }
>
  <Image
    source={
      Object {
        "testUri": "../../../src/assets/img/default_profile.png",
      }
    }
    style={
      Object {
        "height": 60,
        "width": 60,
      }
    }
  />
  <View
    style={
      Object {
        "marginLeft": 20,
      }
    }
  >
    <Text
      style={
        Object {
          "color": "#000",
          "fontFamily": "Montserrat-SemiBold",
          "fontSize": 15,
        }
      }
    >
      testing
    </Text>
    <Text
      numberOfLines={4}
      style={
        Object {
          "fontFamily": "Montserrat-Regular",
          "fontSize": 15,
          "marginTop": 3,
          "width": "30%",
        }
      }
    >
      blablabla
    </Text>
  </View>
</View>
`;
