// Jest Snapshot v1, https://goo.gl/fbAQLP

exports[`Render comment component correctly 1`] = `
<View
  style={
    Object {
      "flexDirection": "row",
      "marginLeft": 36.231884057971016,
      "marginTop": 29.776785714285715,
      "maxHeight": 178.6607142857143,
      "width": 615.9420289855072,
    }
  }
>
  <Image
    source={
      Object {
        "testUri": "../../../src/assets/img/default_profile.png",
      }
    }
    style={
      Object {
        "height": 89.33035714285715,
        "width": 108.69565217391305,
      }
    }
  />
  <View
    style={
      Object {
        "marginLeft": 36.231884057971016,
      }
    }
  >
    <Text>
      testing
    </Text>
    <Text
      numberOfLines={4}
      style={
        Object {
          "width": 434.7826086956522,
        }
      }
    >
      blablabla
    </Text>
  </View>
</View>
`;
