// Jest Snapshot v1, https://goo.gl/fbAQLP

exports[`Render Book component correctly 1`] = `
<View
  style={
    Object {
      "flexDirection": "row",
    }
  }
>
  <Image
    resizeMode="contain"
    source={
      Object {
        "uri": "http://wolox-training.s3.amazonaws.com/uploads/6963511-M.jpg",
      }
    }
    style={
      Object {
        "height": 80,
        "marginLeft": 30,
        "width": 50,
      }
    }
  />
  <View
    style={
      Object {
        "marginLeft": 20,
        "marginTop": 5,
      }
    }
  >
    <Text
      style={
        Object {
          "color": "#000",
          "fontFamily": "Montserrat-SemiBold",
          "fontSize": 18,
          "width": "90%",
        }
      }
    >
      The GitHub Journey
    </Text>
    <Text
      style={
        Object {
          "color": "#000",
          "fontFamily": "Montserrat-Regular",
          "fontSize": 15,
        }
      }
    >
      John doe
    </Text>
  </View>
</View>
`;
